Analysis & Synthesis report for TR1
Mon May 12 16:16:33 2025
Quartus II Version 9.1 Build 350 03/24/2010 Service Pack 2 SJ Web Edition


---------------------
; Table of Contents ;
---------------------
  1. Legal Notice
  2. Analysis & Synthesis Summary
  3. Analysis & Synthesis Settings
  4. Parallel Compilation
  5. Analysis & Synthesis Source Files Read
  6. Analysis & Synthesis Resource Usage Summary
  7. Analysis & Synthesis Resource Utilization by Entity
  8. General Register Statistics
  9. Analysis & Synthesis Messages



----------------
; Legal Notice ;
----------------
Copyright (C) 1991-2010 Altera Corporation
Your use of Altera Corporation's design tools, logic functions 
and other software and tools, and its AMPP partner logic 
functions, and any output files from any of the foregoing 
(including device programming or simulation files), and any 
associated documentation or information are expressly subject 
to the terms and conditions of the Altera Program License 
Subscription Agreement, Altera MegaCore Function License 
Agreement, or other applicable license agreement, including, 
without limitation, that your use is for the sole purpose of 
programming logic devices manufactured by Altera and sold by 
Altera or its authorized distributors.  Please refer to the 
applicable agreement for further details.



+----------------------------------------------------------------------------+
; Analysis & Synthesis Summary                                               ;
+-----------------------------+----------------------------------------------+
; Analysis & Synthesis Status ; Successful - Mon May 12 16:16:33 2025        ;
; Quartus II Version          ; 9.1 Build 350 03/24/2010 SP 2 SJ Web Edition ;
; Revision Name               ; TR1                                          ;
; Top-level Entity Name       ; TR1                                          ;
; Family                      ; Cyclone                                      ;
; Total logic elements        ; 106                                          ;
; Total pins                  ; 20                                           ;
; Total virtual pins          ; 0                                            ;
; Total memory bits           ; 0                                            ;
; Total PLLs                  ; 0                                            ;
+-----------------------------+----------------------------------------------+


+----------------------------------------------------------------------------------------------------------------------+
; Analysis & Synthesis Settings                                                                                        ;
+----------------------------------------------------------------------------+--------------------+--------------------+
; Option                                                                     ; Setting            ; Default Value      ;
+----------------------------------------------------------------------------+--------------------+--------------------+
; Top-level entity name                                                      ; TR1                ; TR1                ;
; Family name                                                                ; Cyclone            ; Stratix II         ;
; Use Generated Physical Constraints File                                    ; Off                ;                    ;
; Use smart compilation                                                      ; Off                ; Off                ;
; Enable parallel Assembler and TimeQuest Timing Analyzer during compilation ; On                 ; On                 ;
; Enable compact report table                                                ; Off                ; Off                ;
; Restructure Multiplexers                                                   ; Auto               ; Auto               ;
; Create Debugging Nodes for IP Cores                                        ; Off                ; Off                ;
; Preserve fewer node names                                                  ; On                 ; On                 ;
; Disable OpenCore Plus hardware evaluation                                  ; Off                ; Off                ;
; Verilog Version                                                            ; Verilog_2001       ; Verilog_2001       ;
; VHDL Version                                                               ; VHDL_1993          ; VHDL_1993          ;
; State Machine Processing                                                   ; Auto               ; Auto               ;
; Safe State Machine                                                         ; Off                ; Off                ;
; Extract Verilog State Machines                                             ; On                 ; On                 ;
; Extract VHDL State Machines                                                ; On                 ; On                 ;
; Ignore Verilog initial constructs                                          ; Off                ; Off                ;
; Iteration limit for constant Verilog loops                                 ; 5000               ; 5000               ;
; Iteration limit for non-constant Verilog loops                             ; 250                ; 250                ;
; Add Pass-Through Logic to Inferred RAMs                                    ; On                 ; On                 ;
; Parallel Synthesis                                                         ; On                 ; On                 ;
; NOT Gate Push-Back                                                         ; On                 ; On                 ;
; Power-Up Don't Care                                                        ; On                 ; On                 ;
; Remove Redundant Logic Cells                                               ; Off                ; Off                ;
; Remove Duplicate Registers                                                 ; On                 ; On                 ;
; Ignore CARRY Buffers                                                       ; Off                ; Off                ;
; Ignore CASCADE Buffers                                                     ; Off                ; Off                ;
; Ignore GLOBAL Buffers                                                      ; Off                ; Off                ;
; Ignore ROW GLOBAL Buffers                                                  ; Off                ; Off                ;
; Ignore LCELL Buffers                                                       ; Off                ; Off                ;
; Ignore SOFT Buffers                                                        ; On                 ; On                 ;
; Limit AHDL Integers to 32 Bits                                             ; Off                ; Off                ;
; Optimization Technique                                                     ; Balanced           ; Balanced           ;
; Carry Chain Length                                                         ; 70                 ; 70                 ;
; Auto Carry Chains                                                          ; On                 ; On                 ;
; Auto Open-Drain Pins                                                       ; On                 ; On                 ;
; Perform WYSIWYG Primitive Resynthesis                                      ; Off                ; Off                ;
; Auto ROM Replacement                                                       ; On                 ; On                 ;
; Auto RAM Replacement                                                       ; On                 ; On                 ;
; Auto Shift Register Replacement                                            ; Auto               ; Auto               ;
; Auto Clock Enable Replacement                                              ; On                 ; On                 ;
; Strict RAM Replacement                                                     ; Off                ; Off                ;
; Allow Synchronous Control Signals                                          ; On                 ; On                 ;
; Force Use of Synchronous Clear Signals                                     ; Off                ; Off                ;
; Auto RAM Block Balancing                                                   ; On                 ; On                 ;
; Auto RAM to Logic Cell Conversion                                          ; Off                ; Off                ;
; Auto Resource Sharing                                                      ; Off                ; Off                ;
; Allow Any RAM Size For Recognition                                         ; Off                ; Off                ;
; Allow Any ROM Size For Recognition                                         ; Off                ; Off                ;
; Allow Any Shift Register Size For Recognition                              ; Off                ; Off                ;
; Use LogicLock Constraints during Resource Balancing                        ; On                 ; On                 ;
; Ignore translate_off and synthesis_off directives                          ; Off                ; Off                ;
; Show Parameter Settings Tables in Synthesis Report                         ; On                 ; On                 ;
; Ignore Maximum Fan-Out Assignments                                         ; Off                ; Off                ;
; Synchronization Register Chain Length                                      ; 2                  ; 2                  ;
; PowerPlay Power Optimization                                               ; Normal compilation ; Normal compilation ;
; HDL message level                                                          ; Level2             ; Level2             ;
; Suppress Register Optimization Related Messages                            ; Off                ; Off                ;
; Number of Removed Registers Reported in Synthesis Report                   ; 5000               ; 5000               ;
; Number of Inverted Registers Reported in Synthesis Report                  ; 100                ; 100                ;
; Clock MUX Protection                                                       ; On                 ; On                 ;
; Block Design Naming                                                        ; Auto               ; Auto               ;
; Synthesis Effort                                                           ; Auto               ; Auto               ;
; Shift Register Replacement - Allow Asynchronous Clear Signal               ; On                 ; On                 ;
; Analysis & Synthesis Message Level                                         ; Medium             ; Medium             ;
; Disable Register Merging Across Hierarchies                                ; Auto               ; Auto               ;
; Resource Aware Inference For Block RAM                                     ; On                 ; On                 ;
+----------------------------------------------------------------------------+--------------------+--------------------+


Parallel compilation was disabled, but you have multiple processors available. Enable parallel compilation to reduce compilation time.
+-------------------------------------+
; Parallel Compilation                ;
+----------------------------+--------+
; Processors                 ; Number ;
+----------------------------+--------+
; Number detected on machine ; 14     ;
; Maximum allowed            ; 1      ;
+----------------------------+--------+


+-------------------------------------------------------------------------------------------------------------------------------------------------------+
; Analysis & Synthesis Source Files Read                                                                                                                ;
+----------------------------------+-----------------+------------------------------------+-------------------------------------------------------------+
; File Name with User-Entered Path ; Used in Netlist ; File Type                          ; File Name with Absolute Path                                ;
+----------------------------------+-----------------+------------------------------------+-------------------------------------------------------------+
; TR1.bdf                          ; yes             ; User Block Diagram/Schematic File  ; C:/altera/91sp2/quartus/TR1.bdf                             ;
; FlipFlopMemory1.bdf              ; yes             ; User Block Diagram/Schematic File  ; C:/altera/91sp2/quartus/FlipFlopMemory1.bdf                 ;
; FourFPPSOneUse.bdf               ; yes             ; User Block Diagram/Schematic File  ; C:/altera/91sp2/quartus/FourFPPSOneUse.bdf                  ;
; SixFPPSOneUse.bdf                ; yes             ; User Block Diagram/Schematic File  ; C:/altera/91sp2/quartus/SixFPPSOneUse.bdf                   ;
; FourFPPS.bdf                     ; yes             ; User Block Diagram/Schematic File  ; C:/altera/91sp2/quartus/FourFPPS.bdf                        ;
; 74154.bdf                        ; yes             ; Megafunction                       ; c:/altera/91sp2/quartus/libraries/others/maxplus2/74154.bdf ;
; 7448.bdf                         ; yes             ; Megafunction                       ; c:/altera/91sp2/quartus/libraries/others/maxplus2/7448.bdf  ;
; 74153.bdf                        ; yes             ; Megafunction                       ; c:/altera/91sp2/quartus/libraries/others/maxplus2/74153.bdf ;
+----------------------------------+-----------------+------------------------------------+-------------------------------------------------------------+


+-----------------------------------------------------+
; Analysis & Synthesis Resource Usage Summary         ;
+---------------------------------------------+-------+
; Resource                                    ; Usage ;
+---------------------------------------------+-------+
; Total logic elements                        ; 106   ;
;     -- Combinational with no register       ; 68    ;
;     -- Register only                        ; 4     ;
;     -- Combinational with a register        ; 34    ;
;                                             ;       ;
; Logic element usage by number of LUT inputs ;       ;
;     -- 4 input functions                    ; 56    ;
;     -- 3 input functions                    ; 29    ;
;     -- 2 input functions                    ; 17    ;
;     -- 1 input functions                    ; 0     ;
;     -- 0 input functions                    ; 0     ;
;                                             ;       ;
; Logic elements by mode                      ;       ;
;     -- normal mode                          ; 106   ;
;     -- arithmetic mode                      ; 0     ;
;     -- qfbk mode                            ; 0     ;
;     -- register cascade mode                ; 0     ;
;     -- synchronous clear/load mode          ; 0     ;
;     -- asynchronous clear/load mode         ; 38    ;
;                                             ;       ;
; Total registers                             ; 38    ;
; I/O pins                                    ; 20    ;
; Maximum fan-out node                        ; clkt  ;
; Maximum fan-out                             ; 38    ;
; Total fan-out                               ; 437   ;
; Average fan-out                             ; 3.47  ;
+---------------------------------------------+-------+


+--------------------------------------------------------------------------------------------------------------------------------------------------------------------------------------------------------------------------------------------------------+
; Analysis & Synthesis Resource Utilization by Entity                                                                                                                                                                                                    ;
+-------------------------------+-------------+--------------+-------------+------+--------------+--------------+-------------------+------------------+-----------------+------------+---------------------------------------------------+--------------+
; Compilation Hierarchy Node    ; Logic Cells ; LC Registers ; Memory Bits ; Pins ; Virtual Pins ; LUT-Only LCs ; Register-Only LCs ; LUT/Register LCs ; Carry Chain LCs ; Packed LCs ; Full Hierarchy Name                               ; Library Name ;
+-------------------------------+-------------+--------------+-------------+------+--------------+--------------+-------------------+------------------+-----------------+------------+---------------------------------------------------+--------------+
; |TR1                          ; 106 (27)    ; 38           ; 0           ; 20   ; 0            ; 68 (23)      ; 4 (4)             ; 34 (0)           ; 0 (0)           ; 0 (0)      ; |TR1                                              ; work         ;
;    |74153:inst175|            ; 4 (4)       ; 0            ; 0           ; 0    ; 0            ; 4 (4)        ; 0 (0)             ; 0 (0)            ; 0 (0)           ; 0 (0)      ; |TR1|74153:inst175                                ; work         ;
;    |74153:inst176|            ; 9 (9)       ; 0            ; 0           ; 0    ; 0            ; 9 (9)        ; 0 (0)             ; 0 (0)            ; 0 (0)           ; 0 (0)      ; |TR1|74153:inst176                                ; work         ;
;    |74153:inst177|            ; 4 (4)       ; 0            ; 0           ; 0    ; 0            ; 4 (4)        ; 0 (0)             ; 0 (0)            ; 0 (0)           ; 0 (0)      ; |TR1|74153:inst177                                ; work         ;
;    |74153:inst178|            ; 3 (3)       ; 0            ; 0           ; 0    ; 0            ; 3 (3)        ; 0 (0)             ; 0 (0)            ; 0 (0)           ; 0 (0)      ; |TR1|74153:inst178                                ; work         ;
;    |74154:inst|               ; 15 (15)     ; 0            ; 0           ; 0    ; 0            ; 15 (15)      ; 0 (0)             ; 0 (0)            ; 0 (0)           ; 0 (0)      ; |TR1|74154:inst                                   ; work         ;
;    |7448:inst155|             ; 4 (4)       ; 0            ; 0           ; 0    ; 0            ; 4 (4)        ; 0 (0)             ; 0 (0)            ; 0 (0)           ; 0 (0)      ; |TR1|7448:inst155                                 ; work         ;
;    |FlipFlopMemory1:inst114|  ; 1 (1)       ; 1            ; 0           ; 0    ; 0            ; 0 (0)        ; 0 (0)             ; 1 (1)            ; 0 (0)           ; 0 (0)      ; |TR1|FlipFlopMemory1:inst114                      ; work         ;
;    |FlipFlopMemory1:inst156|  ; 1 (1)       ; 1            ; 0           ; 0    ; 0            ; 0 (0)        ; 0 (0)             ; 1 (1)            ; 0 (0)           ; 0 (0)      ; |TR1|FlipFlopMemory1:inst156                      ; work         ;
;    |FlipFlopMemory1:inst83|   ; 1 (1)       ; 1            ; 0           ; 0    ; 0            ; 0 (0)        ; 0 (0)             ; 1 (1)            ; 0 (0)           ; 0 (0)      ; |TR1|FlipFlopMemory1:inst83                       ;              ;
;    |FlipFlopMemory1:inst94|   ; 1 (1)       ; 1            ; 0           ; 0    ; 0            ; 0 (0)        ; 0 (0)             ; 1 (1)            ; 0 (0)           ; 0 (0)      ; |TR1|FlipFlopMemory1:inst94                       ; work         ;
;    |FourFPPS:inst128|         ; 8 (0)       ; 4            ; 0           ; 0    ; 0            ; 4 (0)        ; 0 (0)             ; 4 (0)            ; 0 (0)           ; 0 (0)      ; |TR1|FourFPPS:inst128                             ; work         ;
;       |FlipFlopMemory1:inst1| ; 2 (2)       ; 1            ; 0           ; 0    ; 0            ; 1 (1)        ; 0 (0)             ; 1 (1)            ; 0 (0)           ; 0 (0)      ; |TR1|FourFPPS:inst128|FlipFlopMemory1:inst1       ; work         ;
;       |FlipFlopMemory1:inst2| ; 2 (2)       ; 1            ; 0           ; 0    ; 0            ; 1 (1)        ; 0 (0)             ; 1 (1)            ; 0 (0)           ; 0 (0)      ; |TR1|FourFPPS:inst128|FlipFlopMemory1:inst2       ; work         ;
;       |FlipFlopMemory1:inst6| ; 2 (2)       ; 1            ; 0           ; 0    ; 0            ; 1 (1)        ; 0 (0)             ; 1 (1)            ; 0 (0)           ; 0 (0)      ; |TR1|FourFPPS:inst128|FlipFlopMemory1:inst6       ; work         ;
;       |FlipFlopMemory1:inst|  ; 2 (2)       ; 1            ; 0           ; 0    ; 0            ; 1 (1)        ; 0 (0)             ; 1 (1)            ; 0 (0)           ; 0 (0)      ; |TR1|FourFPPS:inst128|FlipFlopMemory1:inst        ; work         ;
;    |FourFPPS:inst129|         ; 4 (0)       ; 4            ; 0           ; 0    ; 0            ; 0 (0)        ; 0 (0)             ; 4 (0)            ; 0 (0)           ; 0 (0)      ; |TR1|FourFPPS:inst129                             ; work         ;
;       |FlipFlopMemory1:inst1| ; 1 (1)       ; 1            ; 0           ; 0    ; 0            ; 0 (0)        ; 0 (0)             ; 1 (1)            ; 0 (0)           ; 0 (0)      ; |TR1|FourFPPS:inst129|FlipFlopMemory1:inst1       ; work         ;
;       |FlipFlopMemory1:inst2| ; 1 (1)       ; 1            ; 0           ; 0    ; 0            ; 0 (0)        ; 0 (0)             ; 1 (1)            ; 0 (0)           ; 0 (0)      ; |TR1|FourFPPS:inst129|FlipFlopMemory1:inst2       ; work         ;
;       |FlipFlopMemory1:inst6| ; 1 (1)       ; 1            ; 0           ; 0    ; 0            ; 0 (0)        ; 0 (0)             ; 1 (1)            ; 0 (0)           ; 0 (0)      ; |TR1|FourFPPS:inst129|FlipFlopMemory1:inst6       ; work         ;
;       |FlipFlopMemory1:inst|  ; 1 (1)       ; 1            ; 0           ; 0    ; 0            ; 0 (0)        ; 0 (0)             ; 1 (1)            ; 0 (0)           ; 0 (0)      ; |TR1|FourFPPS:inst129|FlipFlopMemory1:inst        ; work         ;
;    |FourFPPS:inst130|         ; 4 (0)       ; 4            ; 0           ; 0    ; 0            ; 0 (0)        ; 0 (0)             ; 4 (0)            ; 0 (0)           ; 0 (0)      ; |TR1|FourFPPS:inst130                             ; work         ;
;       |FlipFlopMemory1:inst1| ; 1 (1)       ; 1            ; 0           ; 0    ; 0            ; 0 (0)        ; 0 (0)             ; 1 (1)            ; 0 (0)           ; 0 (0)      ; |TR1|FourFPPS:inst130|FlipFlopMemory1:inst1       ; work         ;
;       |FlipFlopMemory1:inst2| ; 1 (1)       ; 1            ; 0           ; 0    ; 0            ; 0 (0)        ; 0 (0)             ; 1 (1)            ; 0 (0)           ; 0 (0)      ; |TR1|FourFPPS:inst130|FlipFlopMemory1:inst2       ; work         ;
;       |FlipFlopMemory1:inst6| ; 1 (1)       ; 1            ; 0           ; 0    ; 0            ; 0 (0)        ; 0 (0)             ; 1 (1)            ; 0 (0)           ; 0 (0)      ; |TR1|FourFPPS:inst130|FlipFlopMemory1:inst6       ; work         ;
;       |FlipFlopMemory1:inst|  ; 1 (1)       ; 1            ; 0           ; 0    ; 0            ; 0 (0)        ; 0 (0)             ; 1 (1)            ; 0 (0)           ; 0 (0)      ; |TR1|FourFPPS:inst130|FlipFlopMemory1:inst        ; work         ;
;    |FourFPPSOneUse:inst123|   ; 4 (0)       ; 4            ; 0           ; 0    ; 0            ; 0 (0)        ; 0 (0)             ; 4 (0)            ; 0 (0)           ; 0 (0)      ; |TR1|FourFPPSOneUse:inst123                       ; work         ;
;       |FlipFlopMemory1:inst1| ; 1 (1)       ; 1            ; 0           ; 0    ; 0            ; 0 (0)        ; 0 (0)             ; 1 (1)            ; 0 (0)           ; 0 (0)      ; |TR1|FourFPPSOneUse:inst123|FlipFlopMemory1:inst1 ; work         ;
;       |FlipFlopMemory1:inst2| ; 1 (1)       ; 1            ; 0           ; 0    ; 0            ; 0 (0)        ; 0 (0)             ; 1 (1)            ; 0 (0)           ; 0 (0)      ; |TR1|FourFPPSOneUse:inst123|FlipFlopMemory1:inst2 ; work         ;
;       |FlipFlopMemory1:inst6| ; 1 (1)       ; 1            ; 0           ; 0    ; 0            ; 0 (0)        ; 0 (0)             ; 1 (1)            ; 0 (0)           ; 0 (0)      ; |TR1|FourFPPSOneUse:inst123|FlipFlopMemory1:inst6 ; work         ;
;       |FlipFlopMemory1:inst|  ; 1 (1)       ; 1            ; 0           ; 0    ; 0            ; 0 (0)        ; 0 (0)             ; 1 (1)            ; 0 (0)           ; 0 (0)      ; |TR1|FourFPPSOneUse:inst123|FlipFlopMemory1:inst  ; work         ;
;    |FourFPPSOneUse:inst124|   ; 5 (1)       ; 4            ; 0           ; 0    ; 0            ; 1 (1)        ; 0 (0)             ; 4 (0)            ; 0 (0)           ; 0 (0)      ; |TR1|FourFPPSOneUse:inst124                       ; work         ;
;       |FlipFlopMemory1:inst1| ; 1 (1)       ; 1            ; 0           ; 0    ; 0            ; 0 (0)        ; 0 (0)             ; 1 (1)            ; 0 (0)           ; 0 (0)      ; |TR1|FourFPPSOneUse:inst124|FlipFlopMemory1:inst1 ; work         ;
;       |FlipFlopMemory1:inst2| ; 1 (1)       ; 1            ; 0           ; 0    ; 0            ; 0 (0)        ; 0 (0)             ; 1 (1)            ; 0 (0)           ; 0 (0)      ; |TR1|FourFPPSOneUse:inst124|FlipFlopMemory1:inst2 ; work         ;
;       |FlipFlopMemory1:inst6| ; 1 (1)       ; 1            ; 0           ; 0    ; 0            ; 0 (0)        ; 0 (0)             ; 1 (1)            ; 0 (0)           ; 0 (0)      ; |TR1|FourFPPSOneUse:inst124|FlipFlopMemory1:inst6 ; work         ;
;       |FlipFlopMemory1:inst|  ; 1 (1)       ; 1            ; 0           ; 0    ; 0            ; 0 (0)        ; 0 (0)             ; 1 (1)            ; 0 (0)           ; 0 (0)      ; |TR1|FourFPPSOneUse:inst124|FlipFlopMemory1:inst  ; work         ;
;    |FourFPPSOneUse:inst131|   ; 4 (0)       ; 4            ; 0           ; 0    ; 0            ; 0 (0)        ; 0 (0)             ; 4 (0)            ; 0 (0)           ; 0 (0)      ; |TR1|FourFPPSOneUse:inst131                       ; work         ;
;       |FlipFlopMemory1:inst1| ; 1 (1)       ; 1            ; 0           ; 0    ; 0            ; 0 (0)        ; 0 (0)             ; 1 (1)            ; 0 (0)           ; 0 (0)      ; |TR1|FourFPPSOneUse:inst131|FlipFlopMemory1:inst1 ; work         ;
;       |FlipFlopMemory1:inst2| ; 1 (1)       ; 1            ; 0           ; 0    ; 0            ; 0 (0)        ; 0 (0)             ; 1 (1)            ; 0 (0)           ; 0 (0)      ; |TR1|FourFPPSOneUse:inst131|FlipFlopMemory1:inst2 ; work         ;
;       |FlipFlopMemory1:inst6| ; 1 (1)       ; 1            ; 0           ; 0    ; 0            ; 0 (0)        ; 0 (0)             ; 1 (1)            ; 0 (0)           ; 0 (0)      ; |TR1|FourFPPSOneUse:inst131|FlipFlopMemory1:inst6 ; work         ;
;       |FlipFlopMemory1:inst|  ; 1 (1)       ; 1            ; 0           ; 0    ; 0            ; 0 (0)        ; 0 (0)             ; 1 (1)            ; 0 (0)           ; 0 (0)      ; |TR1|FourFPPSOneUse:inst131|FlipFlopMemory1:inst  ; work         ;
;    |SixFPPSOneUse:inst126|    ; 7 (1)       ; 6            ; 0           ; 0    ; 0            ; 1 (1)        ; 0 (0)             ; 6 (0)            ; 0 (0)           ; 0 (0)      ; |TR1|SixFPPSOneUse:inst126                        ; work         ;
;       |FlipFlopMemory1:inst1| ; 1 (1)       ; 1            ; 0           ; 0    ; 0            ; 0 (0)        ; 0 (0)             ; 1 (1)            ; 0 (0)           ; 0 (0)      ; |TR1|SixFPPSOneUse:inst126|FlipFlopMemory1:inst1  ; work         ;
;       |FlipFlopMemory1:inst2| ; 1 (1)       ; 1            ; 0           ; 0    ; 0            ; 0 (0)        ; 0 (0)             ; 1 (1)            ; 0 (0)           ; 0 (0)      ; |TR1|SixFPPSOneUse:inst126|FlipFlopMemory1:inst2  ; work         ;
;       |FlipFlopMemory1:inst3| ; 1 (1)       ; 1            ; 0           ; 0    ; 0            ; 0 (0)        ; 0 (0)             ; 1 (1)            ; 0 (0)           ; 0 (0)      ; |TR1|SixFPPSOneUse:inst126|FlipFlopMemory1:inst3  ; work         ;
;       |FlipFlopMemory1:inst6| ; 1 (1)       ; 1            ; 0           ; 0    ; 0            ; 0 (0)        ; 0 (0)             ; 1 (1)            ; 0 (0)           ; 0 (0)      ; |TR1|SixFPPSOneUse:inst126|FlipFlopMemory1:inst6  ; work         ;
;       |FlipFlopMemory1:inst7| ; 1 (1)       ; 1            ; 0           ; 0    ; 0            ; 0 (0)        ; 0 (0)             ; 1 (1)            ; 0 (0)           ; 0 (0)      ; |TR1|SixFPPSOneUse:inst126|FlipFlopMemory1:inst7  ; work         ;
;       |FlipFlopMemory1:inst|  ; 1 (1)       ; 1            ; 0           ; 0    ; 0            ; 0 (0)        ; 0 (0)             ; 1 (1)            ; 0 (0)           ; 0 (0)      ; |TR1|SixFPPSOneUse:inst126|FlipFlopMemory1:inst   ; work         ;
+-------------------------------+-------------+--------------+-------------+------+--------------+--------------+-------------------+------------------+-----------------+------------+---------------------------------------------------+--------------+
Note: For table entries with two numbers listed, the numbers in parentheses indicate the number of resources of the given type used by the specific entity alone. The numbers listed outside of parentheses indicate the total resources of the given type used by the specific entity and all of its sub-entities in the hierarchy.


+------------------------------------------------------+
; General Register Statistics                          ;
+----------------------------------------------+-------+
; Statistic                                    ; Value ;
+----------------------------------------------+-------+
; Total registers                              ; 38    ;
; Number of registers using Synchronous Clear  ; 0     ;
; Number of registers using Synchronous Load   ; 0     ;
; Number of registers using Asynchronous Clear ; 38    ;
; Number of registers using Asynchronous Load  ; 0     ;
; Number of registers using Clock Enable       ; 0     ;
; Number of registers using Preset             ; 0     ;
+----------------------------------------------+-------+


+-------------------------------+
; Analysis & Synthesis Messages ;
+-------------------------------+
Info: *******************************************************************
Info: Running Quartus II Analysis & Synthesis
    Info: Version 9.1 Build 350 03/24/2010 Service Pack 2 SJ Web Edition
    Info: Processing started: Mon May 12 16:16:30 2025
Info: Command: quartus_map --read_settings_files=on --write_settings_files=off TR1 -c TR1
Info: Found 1 design units, including 1 entities, in source file tr1.bdf
    Info: Found entity 1: TR1
Info: Found 1 design units, including 1 entities, in source file flipflopmemory.bdf
    Info: Found entity 1: FlipFlopMemory
Info: Found 1 design units, including 1 entities, in source file flipflopmemory1.bdf
    Info: Found entity 1: FlipFlopMemory1
Info: Found 1 design units, including 1 entities, in source file block4ffp.bdf
    Info: Found entity 1: Block4FFP
Info: Found 1 design units, including 1 entities, in source file workingsequence1.bdf
    Info: Found entity 1: WorkingSequence1
Info: Found 1 design units, including 1 entities, in source file sixfpps1useblock.bdf
    Info: Found entity 1: SixFPPS1UseBlock
Info: Found 1 design units, including 1 entities, in source file fourfpps1useblock .bdf
    Info: Found entity 1: FourFPPS1UseBlock 
Info: Found 1 design units, including 1 entities, in source file fourfppsoneuse.bdf
    Info: Found entity 1: FourFPPSOneUse
Info: Found 1 design units, including 1 entities, in source file sixfppsoneuse.bdf
    Info: Found entity 1: SixFPPSOneUse
Info: Found 1 design units, including 1 entities, in source file fourfpps.bdf
    Info: Found entity 1: FourFPPS
Info: Elaborating entity "TR1" for the top level hierarchy
Warning: Block or symbol "AND2" of instance "inst39" overlaps another block or symbol
Warning: Block or symbol "NOT" of instance "inst41" overlaps another block or symbol
Warning: Block or symbol "NOT" of instance "inst46" overlaps another block or symbol
Warning: Block or symbol "OR3" of instance "inst48" overlaps another block or symbol
Warning: Block or symbol "AND2" of instance "inst82" overlaps another block or symbol
Warning: Block or symbol "AND2" of instance "inst134" overlaps another block or symbol
Warning: Block or symbol "AND2" of instance "inst137" overlaps another block or symbol
Warning: Primitive "AND2" of instance "inst85" not used
Info: Elaborating entity "FlipFlopMemory1" for hierarchy "FlipFlopMemory1:inst83"
Info: Elaborating entity "FourFPPSOneUse" for hierarchy "FourFPPSOneUse:inst123"
Info: Elaborating entity "74154" for hierarchy "74154:inst"
Info: Elaborated megafunction instantiation "74154:inst"
Info: Elaborating entity "SixFPPSOneUse" for hierarchy "SixFPPSOneUse:inst126"
Info: Elaborating entity "FourFPPS" for hierarchy "FourFPPS:inst128"
Info: Elaborating entity "7448" for hierarchy "7448:inst155"
Info: Elaborated megafunction instantiation "7448:inst155"
Info: Elaborating entity "74153" for hierarchy "74153:inst176"
Info: Elaborated megafunction instantiation "74153:inst176"
Warning: Output pins are stuck at VCC or GND
    Warning (13410): Pin "b1" is stuck at VCC
Info: Implemented 126 device resources after synthesis - the final resource count might be different
    Info: Implemented 7 input pins
    Info: Implemented 13 output pins
    Info: Implemented 106 logic cells
Info: Quartus II Analysis & Synthesis was successful. 0 errors, 10 warnings
    Info: Peak virtual memory: 225 megabytes
    Info: Processing ended: Mon May 12 16:16:33 2025
    Info: Elapsed time: 00:00:03
    Info: Total CPU time (on all processors): 00:00:01


